8086/87/88/186 MACRO ASSEMBLER    HW4MAIN                                                  07:55:40  11/20/;3  PAGE    1


DOS 5.0 (038-N) 8086/87/88/186 MACRO ASSEMBLER V3.1 ASSEMBLY OF MODULE HW4MAIN
OBJECT MODULE PLACED IN HW4MAIN.OBJ
ASSEMBLER INVOKED BY:  C:\UTIL\ASM86.EXE HW4MAIN.ASM M1 EP DB


LOC  OBJ                  LINE     SOURCE

                             1         NAME    HW4MAIN
                             2     
                             3     ;;;;;;;;;;;;;;;;;;;;;;;;;;;;;;;;;;;;;;;;;;;;;;;;;;;;;;;;;;;;;;;;;;;;;;;;;;;;;;
                             4     ;                                                                            ;
                             5     ;                                   HW4MAIN                                  ;
                             6     ;                             Homework 4 Main Loop                           ;
                             7     ;                                  EE/CS 51                                  ;
                             8     ;                                 Archan Luhar                               ;
                             9     ;                                 TA: Joe Greef                              ;
                            10     ;                                                                            ;
                            11     ;;;;;;;;;;;;;;;;;;;;;;;;;;;;;;;;;;;;;;;;;;;;;;;;;;;;;;;;;;;;;;;;;;;;;;;;;;;;;;
                            12     
                            13     ; Description:      This program allocates space for shared variables needed
                            14     ;                   for the display routines. It also calls all the
                            15     ;                   initialization and test functions.
                            16     ;
                            17     ; Input:            None.
                            18     ; Output:           Display.
                            19     ;
                            20     ; User Interface:   None.
                            21     ;
                            22     ; Error Handling:   None.
                            23     ;
                            24     ; Algorithms:       None.
                            25     ; Data Structures:  None.
                            26     ;
                            27     ; Known Bugs:       None.
                            28     ; Limitations:      None.
                            29     ;
                            30     ; Revision History:
                            31     ;   11/12/13    Archan Luhar    Created hw4main.asm. Contains main function
                            32     ;                               that calls display initialization and test
                            33     ;                               functions.
                            34     ;   11/18/13    Archan Luhar    Finished documentation.
                            35     ;   11/20/13    Archan Luhar    Modified Initialization calls (modularized).
                            36     
                            37     
                            38     CGROUP  GROUP   CODE
                            39     DGROUP  GROUP   DATA, STACK
                            40     
                            41     
----                        42     CODE    SEGMENT PUBLIC 'CODE'
                            43         ASSUME  CS:CGROUP, DS:DGROUP, ES:NOTHING, SS:DGROUP
                            44     
                            45     
                            46     ; External references
                            47         EXTRN   InitCS:NEAR
                            48         EXTRN   InitTimer:NEAR
                            49         EXTRN   InitDisplay:NEAR
                            50         EXTRN   DisplayTest:NEAR
8086/87/88/186 MACRO ASSEMBLER    HW4MAIN                                                  07:55:40  11/20/;3  PAGE    2


LOC  OBJ                  LINE     SOURCE

                            51     
                            52     
                            53     
0000                        54     START:  
0000                        55     MAIN:
0000 B8----         R       56         MOV     AX, DGROUP              ; Initialize the stack pointer
0003 8ED0                   57         MOV     SS, AX
0005 BCE00190       R       58         MOV     SP, OFFSET(DGROUP:TopOfStack)
                            59     
0009 B8----         R       60         MOV     AX, DGROUP              ; Initialize the data segment
000C 8ED8                   61         MOV     DS, AX
                            62     
000E E80000         E       63         CALL    InitCS                  ; Initialize chip selects
0011 E80000         E       64         CALL    InitTimer               ; Initialize timer handlers and controllers
0014 E80000         E       65         CALL    InitDisplay             ; Initialize display variables
                            66         
0017 FB                     67         STI                             ; Enable interrupts so event handlers can
                            68                                         ; function.
                            69     
0018 E80000         E       70         CALL    DisplayTest             ; Test out the display
                            71     
                            72     
----                        73     CODE ENDS
                            74     
                            75     
----                        76     DATA    SEGMENT PUBLIC  'DATA'
                            77     
                            78         ; Nothing in the data segment but need it for initializing DS
                            79     
----                        80     DATA    ENDS
                            81     
                            82     
----                        83     STACK SEGMENT STACK 'STACK'
                            84     
0000 (80                    85         DB      80 DUP ('Stack ')       ; 240 words
     537461636B20
     )
                            86     
01E0                        87     TopOfStack      LABEL   WORD
----                        88     STACK  ENDS
                            89     
                            90     
                            91         END START

ASSEMBLY COMPLETE, NO ERRORS FOUND
